// Jest Snapshot v1, https://goo.gl/fbAQLP

exports[`Button should render button element by default 1`] = `
<button
  class="btn primary md"
  type="button"
>
   Button Text 
</button>
`;
